
  .   ____          _            __ _ _
 /\\ / ___'_ __ _ _(_)_ __  __ _ \ \ \ \
( ( )\___ | '_ | '_| | '_ \/ _` | \ \ \ \
 \\/  ___)| |_)| | | | | || (_| |  ) ) ) )
  '  |____| .__|_| |_|_| |_\__, | / / / /
 =========|_|==============|___/=/_/_/_/

 :: Spring Boot ::                (v4.0.3)

2026-08-06T12:06:44.529-04:00  INFO 19840 --- [backend] [           main] com.ttstore.backend.BackendApplication   : Starting BackendApplication v0.0.1-SNAPSHOT using Java 17.0.9 with PID 19840 (C:\PROJETOS\loja-roupas\backend\target\backend-0.0.1-SNAPSHOT.jar started by felipe in C:\PROJETOS\loja-roupas\backend)
2026-08-06T12:06:44.535-04:00  INFO 19840 --- [backend] [           main] com.ttstore.backend.BackendApplication   : No active profile set, falling back to 1 default profile: "default"
2026-08-06T12:06:45.875-04:00  INFO 19840 --- [backend] [           main] .s.d.r.c.RepositoryConfigurationDelegate : Bootstrapping Spring Data JPA repositories in DEFAULT mode.
2026-08-06T12:06:45.980-04:00  INFO 19840 --- [backend] [           main] .s.d.r.c.RepositoryConfigurationDelegate : Finished Spring Data repository scanning in 87 ms. Found 10 JPA repository interfaces.
2026-08-06T12:06:46.911-04:00  INFO 19840 --- [backend] [           main] o.s.boot.tomcat.TomcatWebServer          : Tomcat initialized with port 8080 (http)
2026-08-06T12:06:46.934-04:00  INFO 19840 --- [backend] [           main] o.apache.catalina.core.StandardService   : Starting service [Tomcat]
2026-08-06T12:06:46.937-04:00  INFO 19840 --- [backend] [           main] o.apache.catalina.core.StandardEngine    : Starting Servlet engine: [Apache Tomcat/11.0.18]
2026-08-06T12:06:46.988-04:00  INFO 19840 --- [backend] [           main] b.w.c.s.WebApplicationContextInitializer : Root WebApplicationContext: initialization completed in 2345 ms
2026-08-06T12:06:47.193-04:00  INFO 19840 --- [backend] [           main] org.hibernate.orm.jpa                    : HHH008540: Processing PersistenceUnitInfo [name: default]
2026-08-06T12:06:47.270-04:00  INFO 19840 --- [backend] [           main] org.hibernate.orm.core                   : HHH000001: Hibernate ORM core version 7.2.4.Final
2026-08-06T12:06:48.097-04:00  INFO 19840 --- [backend] [           main] o.s.o.j.p.SpringPersistenceUnitInfo      : No LoadTimeWeaver setup: ignoring JPA class transformer
2026-08-06T12:06:48.146-04:00  INFO 19840 --- [backend] [           main] com.zaxxer.hikari.HikariDataSource       : HikariPool-1 - Starting...
2026-08-06T12:06:48.538-04:00  INFO 19840 --- [backend] [           main] com.zaxxer.hikari.pool.HikariPool        : HikariPool-1 - Added connection conn0: url=jdbc:h2:file:C:\Users\Felipe/.ttstore/data/loja-db user=SA
2026-08-06T12:06:48.545-04:00  INFO 19840 --- [backend] [           main] com.zaxxer.hikari.HikariDataSource       : HikariPool-1 - Start completed.
2026-08-06T12:06:48.576-04:00  WARN 19840 --- [backend] [           main] org.hibernate.orm.deprecation            : HHH90000025: H2Dialect does not need to be specified explicitly using 'hibernate.dialect' (remove the property setting and it will be selected by default)
2026-08-06T12:06:48.603-04:00  INFO 19840 --- [backend] [           main] org.hibernate.orm.connections.pooling    : HHH10001005: Database info:
	Database JDBC URL [jdbc:h2:file:C:\Users\Felipe/.ttstore/data/loja-db]
	Database driver: H2 JDBC Driver
	Database dialect: H2Dialect
	Database version: 2.4.240
	Default catalog/schema: LOJA-DB/PUBLIC
	Autocommit mode: undefined/unknown
	Isolation level: READ_COMMITTED [default READ_COMMITTED]
	JDBC fetch size: 100
	Pool: DataSourceConnectionProvider
	Minimum pool size: undefined/unknown
	Maximum pool size: undefined/unknown
2026-08-06T12:06:50.382-04:00  INFO 19840 --- [backend] [           main] org.hibernate.orm.core                   : HHH000489: No JTA platform available (set 'hibernate.transaction.jta.platform' to enable JTA platform integration)
2026-08-06T12:06:50.467-04:00  INFO 19840 --- [backend] [           main] j.LocalContainerEntityManagerFactoryBean : Initialized JPA EntityManagerFactory for persistence unit 'default'
2026-08-06T12:06:50.546-04:00  INFO 19840 --- [backend] [           main] o.s.d.j.r.query.QueryEnhancerFactories   : Hibernate is in classpath; If applicable, HQL parser will be used.
2026-08-06T12:06:51.378-04:00  INFO 19840 --- [backend] [           main] r$InitializeUserDetailsManagerConfigurer : Global AuthenticationManager configured with UserDetailsService bean with name customUserDetailsService
2026-08-06T12:06:51.787-04:00  WARN 19840 --- [backend] [           main] JpaBaseConfiguration$JpaWebConfiguration : spring.jpa.open-in-view is enabled by default. Therefore, database queries may be performed during view rendering. Explicitly configure spring.jpa.open-in-view to disable this warning
2026-08-06T12:06:52.670-04:00  INFO 19840 --- [backend] [           main] o.s.boot.tomcat.TomcatWebServer          : Tomcat started on port 8080 (http) with context path '/'
2026-08-06T12:06:52.702-04:00  INFO 19840 --- [backend] [           main] com.ttstore.backend.BackendApplication   : Started BackendApplication in 8.982 seconds (process running for 9.752)
=======================================================
  Sistema iniciado. Usuarios cadastrados: 5
=======================================================
2026-08-06T12:06:57.190-04:00  INFO 19840 --- [backend] [nio-8080-exec-1] o.a.c.c.C.[Tomcat].[localhost].[/]       : Initializing Spring DispatcherServlet 'dispatcherServlet'
2026-08-06T12:06:57.191-04:00  INFO 19840 --- [backend] [nio-8080-exec-1] o.s.web.servlet.DispatcherServlet        : Initializing Servlet 'dispatcherServlet'
2026-08-06T12:06:57.193-04:00  INFO 19840 --- [backend] [nio-8080-exec-1] o.s.web.servlet.DispatcherServlet        : Completed initialization in 1 ms
